<?xml version="1.0" encoding="UTF-8"?><mappingRoot xmlns="http://www.ibm.com/2008/ccl/Mapping" domainID="com.ibm.msl.mapping.xml" domainIDExtension="mb" mainMap="true" targetNamespace="default" version="8.0.5.0" xmlns:map="default">
    <input path="mbsharedlib://SharedModules/PHXLibrary/GDCI_IBFT_Request.xsd"/>
    <output path="mbsharedlib://PHXGDCILib/PHXLibrary/GDCI_IBFT_Request.xsd" var="var5"/>
    <imports>
        <import kind="java" location="MessageTransformation" namespace="xalan://MessageTransformation"/>
        <import kind="java" location="MessageToBytes" namespace="xalan://MessageToBytes"/>
        <import kind="java" location="MessageTransform" namespace="xalan://MessageTransform"/>
        <import kind="java" location="IBFTMessageTransform" namespace="xalan://IBFTMessageTransform"/>
    </imports>
    <namespaces>
        <namespace kind="extension" prefix="fn" uri="http://www.w3.org/2005/xpath-functions"/>
        <namespace kind="extension" prefix="MessageTransformation" uri="xalan://MessageTransformation"/>
        <namespace kind="extension" prefix="MessageToBytes" uri="xalan://MessageToBytes"/>
        <namespace kind="extension" prefix="MessageTransform" uri="xalan://MessageTransform"/>
        <namespace kind="extension" prefix="IBFTMessageTransform" uri="xalan://IBFTMessageTransform"/>
    </namespaces>
    <generation engine="xquery"/>
    <mappingDeclaration name="IBFTCompleteMessageParser">
        <input path="mb:msg(GDCI_IBFT_Request,assembly,DFDL,Properties)"/>
        <output path="$var5/mb:msg(GDCI_IBFT_Request,assembly,DFDL,Properties)" var="ComIbmMessageAssembly_GDCI_IBFT_Request"/>
        <assign value="{PHXGDCILib}">
            <output path="$ComIbmMessageAssembly_GDCI_IBFT_Request/Properties/MessageSet"/>
        </assign>
        <assign value="{}:GDCI_IBFT_Request">
            <output path="$ComIbmMessageAssembly_GDCI_IBFT_Request/Properties/MessageType"/>
        </assign>
        <move>
            <input path="GDCI_IBFT_Request/TransactionRequestHeader/MessageProtocol"/>
            <output path="$ComIbmMessageAssembly_GDCI_IBFT_Request/GDCI_IBFT_Request/TransactionRequestHeader/MessageProtocol"/>
        </move>
        <move>
            <input path="GDCI_IBFT_Request/TransactionRequestHeader/Version"/>
            <output path="$ComIbmMessageAssembly_GDCI_IBFT_Request/GDCI_IBFT_Request/TransactionRequestHeader/Version"/>
        </move>
        <move>
            <input path="GDCI_IBFT_Request/TransactionRequestHeader/FieldInError"/>
            <output path="$ComIbmMessageAssembly_GDCI_IBFT_Request/GDCI_IBFT_Request/TransactionRequestHeader/FieldInError"/>
        </move>
        <move>
            <input path="GDCI_IBFT_Request/TransactionRequestHeader/MessageType"/>
            <output path="$ComIbmMessageAssembly_GDCI_IBFT_Request/GDCI_IBFT_Request/TransactionRequestHeader/MessageType"/>
        </move>
        <customFunction lang="java" ref="MessageTransform:transmissionDateAndtimeTogether">
            <input path="GDCI_IBFT_Request/TransactionRequestHeader/TransmissionDateTime" var="TransmissionDateTime1"/>
            <output path="$ComIbmMessageAssembly_GDCI_IBFT_Request/GDCI_IBFT_Request/TransactionRequestHeader/TransmissionDateTime"/>
            <param name="dateTime" value="$TransmissionDateTime1"/>
        </customFunction>
        <move>
            <input path="GDCI_IBFT_Request/TransactionRequestHeader/DeliveryChannelType"/>
            <output path="$ComIbmMessageAssembly_GDCI_IBFT_Request/GDCI_IBFT_Request/TransactionRequestHeader/DeliveryChannelType"/>
        </move>
        <move>
            <input path="GDCI_IBFT_Request/TransactionRequestHeader/DeliveryChannelID"/>
            <output path="$ComIbmMessageAssembly_GDCI_IBFT_Request/GDCI_IBFT_Request/TransactionRequestHeader/DeliveryChannelID"/>
        </move>
        <move>
            <input path="GDCI_IBFT_Request/TransactionRequestHeader/CustomerID"/>
            <output path="$ComIbmMessageAssembly_GDCI_IBFT_Request/GDCI_IBFT_Request/TransactionRequestHeader/CustomerID"/>
        </move>
        <move>
            <input path="GDCI_IBFT_Request/TransactionRequestHeader/TransactionCode"/>
            <output path="$ComIbmMessageAssembly_GDCI_IBFT_Request/GDCI_IBFT_Request/TransactionRequestHeader/TransactionCode"/>
        </move>
        <customFunction lang="java" ref="MessageTransform:transactionnDate">
            <input path="GDCI_IBFT_Request/TransactionRequestHeader/TransactionDate" var="TransactionDate1"/>
            <output path="$ComIbmMessageAssembly_GDCI_IBFT_Request/GDCI_IBFT_Request/TransactionRequestHeader/TransactionDate"/>
            <param name="date" value="$TransactionDate1"/>
        </customFunction>
        <customFunction lang="java" ref="MessageTransform:TransactionTime">
            <input path="GDCI_IBFT_Request/TransactionRequestHeader/TransactionTime" var="TransactionTime1"/>
            <output path="$ComIbmMessageAssembly_GDCI_IBFT_Request/GDCI_IBFT_Request/TransactionRequestHeader/TransactionTime"/>
            <param name="time" value="$TransactionTime1"/>
        </customFunction>
        <customFunction lang="java" ref="MessageTransform:GenerateUniqueRRN">
            <input path="GDCI_IBFT_Request/TransactionRequestHeader/RetrivevalReferenceNumber" var="RetrivevalReferenceNumber1"/>
            <output path="$ComIbmMessageAssembly_GDCI_IBFT_Request/GDCI_IBFT_Request/TransactionRequestHeader/RetrivevalReferenceNumber"/>
            <param name="RRN" value="$RetrivevalReferenceNumber1"/>
        </customFunction>
        <move>
            <input path="GDCI_IBFT_Request/TransactionRequestHeader/CustomerPINData"/>
            <output path="$ComIbmMessageAssembly_GDCI_IBFT_Request/GDCI_IBFT_Request/TransactionRequestHeader/CustomerPINData"/>
        </move>
        <move>
            <input path="GDCI_IBFT_Request/TransactionRequestHeader/AgentID"/>
            <output path="$ComIbmMessageAssembly_GDCI_IBFT_Request/GDCI_IBFT_Request/TransactionRequestHeader/AgentID"/>
        </move>
        <move>
            <input path="GDCI_IBFT_Request/TransactionRequestHeader/ChannelSpecificDataField" var="ChannelSpecificDataField"/>
            <output path="$ComIbmMessageAssembly_GDCI_IBFT_Request/GDCI_IBFT_Request/TransactionRequestHeader/ChannelSpecificDataField"/>
        </move>
        <move>
            <input path="GDCI_IBFT_Request/TransactionRequestHeader/ChannelPrivateData"/>
            <output path="$ComIbmMessageAssembly_GDCI_IBFT_Request/GDCI_IBFT_Request/TransactionRequestHeader/ChannelPrivateData"/>
        </move>
        <move>
            <input path="GDCI_IBFT_Request/TransactionRequestHeader/AuthorizationResponseID"/>
            <output path="$ComIbmMessageAssembly_GDCI_IBFT_Request/GDCI_IBFT_Request/TransactionRequestHeader/AuthorizationResponseID"/>
        </move>
        <move>
            <input path="GDCI_IBFT_Request/TransactionRequestHeader/ResponseCode"/>
            <output path="$ComIbmMessageAssembly_GDCI_IBFT_Request/GDCI_IBFT_Request/TransactionRequestHeader/ResponseCode"/>
        </move>
        <move>
            <input path="GDCI_IBFT_Request/body/FromAccountBankIMD"/>
            <output path="$ComIbmMessageAssembly_GDCI_IBFT_Request/GDCI_IBFT_Request/body/FromAccountBankIMD"/>
        </move>
        <move>
            <input path="GDCI_IBFT_Request/body/FromAccountNumber"/>
            <output path="$ComIbmMessageAssembly_GDCI_IBFT_Request/GDCI_IBFT_Request/body/FromAccountNumber"/>
        </move>
        <move>
            <input path="GDCI_IBFT_Request/body/FromAccountType"/>
            <output path="$ComIbmMessageAssembly_GDCI_IBFT_Request/GDCI_IBFT_Request/body/FromAccountType"/>
        </move>
        <move>
            <input path="GDCI_IBFT_Request/body/FromAccountCurrency"/>
            <output path="$ComIbmMessageAssembly_GDCI_IBFT_Request/GDCI_IBFT_Request/body/FromAccountCurrency"/>
        </move>
        <move>
            <input path="GDCI_IBFT_Request/body/ToAccountBankIMD"/>
            <output path="$ComIbmMessageAssembly_GDCI_IBFT_Request/GDCI_IBFT_Request/body/ToAccountBankIMD"/>
        </move>
        <move>
            <input path="GDCI_IBFT_Request/body/ToAccountDetals" var="ToAccountDetals"/>
            <output path="$ComIbmMessageAssembly_GDCI_IBFT_Request/GDCI_IBFT_Request/body/ToAccountDetals"/>
        </move>
        <customFunction lang="java" ref="MessageTransform:TransactionAmount">
            <input path="GDCI_IBFT_Request/body/TransactionAmount" var="TransactionAmount"/>
            <output path="$ComIbmMessageAssembly_GDCI_IBFT_Request/GDCI_IBFT_Request/body/TransactionAmount"/>
            <param name="amount" value="$TransactionAmount"/>
        </customFunction>
        <move>
            <input path="GDCI_IBFT_Request/body/TransactionCurrency"/>
            <output path="$ComIbmMessageAssembly_GDCI_IBFT_Request/GDCI_IBFT_Request/body/TransactionCurrency"/>
        </move>
        <move>
            <input path="GDCI_IBFT_Request/body/TransactionFee"/>
            <output path="$ComIbmMessageAssembly_GDCI_IBFT_Request/GDCI_IBFT_Request/body/TransactionFee"/>
        </move>
    </mappingDeclaration>
</mappingRoot>