<?xml version="1.0" encoding="UTF-8"?><mappingRoot xmlns="http://www.ibm.com/2008/ccl/Mapping" domainID="com.ibm.msl.mapping.xml" domainIDExtension="mb" mainMap="true" targetNamespace="default" version="8.0.5.0" xmlns:map="default">
    <input path="jar:file://!com/ibm/etools/mft/map/xsds/predefined/BlobMessage.xsd"/>
    <output path="mbsharedlib://SharedModules/IBFTTransactionResult.xsd"/>
    <imports>
        <import kind="java" location="MessageTransform" namespace="xalan://MessageTransform"/>
        <import kind="java" location="MessageTransformation" namespace="xalan://MessageTransformation"/>
        <import kind="java" location="IBFTMessageTransform" namespace="xalan://IBFTMessageTransform"/>
    </imports>
    <namespaces>
        <namespace kind="supplement" prefix="out" uri="http://FundsTransferIBFTService"/>
        <namespace kind="extension" prefix="MessageTransform" uri="xalan://MessageTransform"/>
        <namespace kind="extension" prefix="MessageTransformation" uri="xalan://MessageTransformation"/>
        <namespace kind="extension" prefix="IBFTMessageTransform" uri="xalan://IBFTMessageTransform"/>
    </namespaces>
    <generation engine="xquery"/>
    <mappingDeclaration name="ResponseCheckLength">
        <input path="mb:msg(BLOB,assembly,BLOB,Properties)" var="ComIbmMessageAssembly_BLOB"/>
        <output path="mb:msg(IBFTTransactionResult,assembly,XMLNSC,Properties)" var="MessageAssembly1"/>
        <customFunction lang="java" ref="MessageTransform:byteToString">
            <input path="$ComIbmMessageAssembly_BLOB/BLOB/text()" var="value1"/>
            <output path="$MessageAssembly1/IBFTTransactionResult/ResponseCode"/>
            <param name="params2" value="$value1"/>
        </customFunction>
    </mappingDeclaration>
</mappingRoot>