<?xml version="1.0" encoding="UTF-8"?><mappingRoot xmlns="http://www.ibm.com/2008/ccl/Mapping" domainID="com.ibm.msl.mapping.xml" domainIDExtension="mb" mainMap="true" targetNamespace="default" version="8.0.5.0" xmlns:map="default">
    <input path="jar:file://!com/ibm/etools/mft/map/xsds/predefined/BlobMessage.xsd"/>
    <output path="mbsharedlib://PHXGDCILib/stringMessage.xsd"/>
    <imports>
        <import kind="java" location="MessageTransform" namespace="xalan://MessageTransform"/>
        <import kind="java" location="MessageTransformation" namespace="xalan://MessageTransformation"/>
        <import kind="java" location="LogonMessageTransformation" namespace="xalan://LogonMessageTransformation"/>
    </imports>
    <namespaces>
        <namespace kind="extension" prefix="MessageTransform" uri="xalan://MessageTransform"/>
        <namespace kind="extension" prefix="MessageTransformation" uri="xalan://MessageTransformation"/>
        <namespace kind="extension" prefix="LogonMessageTransformation" uri="xalan://LogonMessageTransformation"/>
    </namespaces>
    <generation engine="xquery"/>
    <mappingDeclaration name="LogonResponseCheckLength">
        <input path="mb:msg(BLOB,assembly,BLOB,Properties)" var="ComIbmMessageAssembly_BLOB"/>
        <output path="mb:msg(concatMessage,assembly,XMLNSC,Properties)" var="ComIbmMessageAssembly_concatMessage"/>
        <customFunction lang="java" ref="LogonMessageTransformation:byteToString">
            <input path="$ComIbmMessageAssembly_BLOB/BLOB/text()" var="value"/>
            <output path="$ComIbmMessageAssembly_concatMessage/concatMessage/message"/>
            <param name="params2" value="$value"/>
        </customFunction>
    </mappingDeclaration>
</mappingRoot>